type octile
width 255
height 255
ground 1
tree +inf
swamp 10
water 20
map
...............................................................................................................................................................................................................................................................
...............................................................................................................................................................................................................................................................
...............................................................................................................................................................................................................................................................
...............................................................................................................................................................................................................................................................
...............................................................................................................................................................................................................................................................
...............................................................................................................................................................................................................................................................
...............................................................................................................................................................................................................................................................
...............................................................................................................................................................................................................................................................
...............................................................................................................................................................................................................................................................
.......................................................................................................................................WWWWWWW..........................................WWWWWWWWWWWWWW.........................................................
.......................................................................................................................WWWWWWWWWWWWWWWWWWWWWWWWWWWW...............................WWWWWWWWWWWWWWWWWWWWWW.......................................................
.....................................................................................................................WWWWWWWWWWWWWWWWWWWWWWWWWWWWWWWWWW.......................WWWWWWWWWWWWWWWWWWWWWWWWWWW......................................................
....................................................................................................................WWWWWWWWWWWWWWWWWWWWWWWWWWWWWWWWWWWWW..............WWWWWWWWWWWWWWWWWWWWWWWWWWWWWWWWWWWW....................................................
...................................................................................................................WWWWWWWWWWWWWWWWWWWWWWWWWWWWWWWWWWWWWWWWWWWWWWWWWWWWWWWWWWWWWWWWWWWWWWWWWWWWWWWWWWWWWWWWW...................................................
............@@@@@@@................................................................................................WWWWWWWWWWWWWWWWWWWWWWWWWWWWWWWWWWWWWWWWWWWWWWWWWWWWWWWWWWWWWWWWWWWWWWWWWWWWWWWWWWWWWWWWWW..................................................
...........@@@@@@@@@..............................................................................................WWWWWWWWWWWWWWWWWWWWWWWWWWWWWWWWWWWWWWWWWWWWWWWWWWWWWWWWWWWWWWWWWWWWWWWWWWWWWWWWWWWWWWWWWWW..................................................
..........@@@@@@@@@@@.............................................................................................WWWWWWWWWWWWWWWWWWWWWWWWWWWWWWWWWWWWWWWWWWWWWWWWWWWWWWWWWWWWWWWWWWWWWWWWWWWWWWWWWWWWWWWWWWW..................................................
..........@@@@@@@@@@@.............................................................................................WWWWWWWWWWWWWWWWWWWWWWWWWWWWWWWWWWWWWWWWWWWWWWWWWWWWWWWWWWWWWWWWWWWWWWWTTTTTTTWWWWWWWWWWWWW..................................................
..........@@@@@@@@@@@.............................................................................................WWWWWWWWWWWWWWWWWWWWWWWWWWWWWWWWWWWWWWWWWWWWWWWWWWWWWWWWWWWWWWWWWWWWWWTTTTTTTTTWWWWWWWWWWWW.............WWWWWWWWWWWWW........................
..........@@@@@@@@@@@.............................................................................................WWWWWWWWWWWWWWWWWWWWWWWWWWWWWWWWWWWWWWWWWWWWWWWWWWWWWWWWWWWWWWWWWWWWWTTTTTTTTTTTWWWWWWWWWWW...........WWWWWWWWWWWWWWWW.......................
..........@@@@@@@@@@@.............................................................................................WWWWWWWWWWWWWWWWWWWWWWWWWWWWWWWWWWWWWWWWWWWWWWWWWWWWWWWWWWWWWWWWWWWWWTTTTTTTTTTTWWWWWWWWWWW.........WWWWWWWWWWWWWWWWWWW......................
..........@@@@@@@@@@@.............................................................................................WWWWWWWWWWWWWWWWWWWWWWWWWWWWWWWWWWWWWWWWWWWWWWWWWWWWWWWWWWWWWWWWWWWWWTTTTTTTTTTTWWWWWWWWWWW.......WWWWWWWWWWWWWWWWWWWWW......................
..........@@@@@@@@@@@.............................................................................................WWWWWWWWWWWWWWWWWWWWWWWWWWWWWWWWWWWWWWWWWWWWWWWWWWWTTTTTTTWWWWWWWWWWWTTTTTTTTTTTWWWWWWWWWWW.....WWWWWWWWWWWWWWWWWWWWWWWW.....................
..........@@@@@@@@@@@.............................................................................................WWWWWWWWWWWWWWWWWWWWWWWWWWWWWWWWWWWWWWWWWWWWWWWWWWTTTTTTTTTWWWWWWWWWWTTTTTTTTTTTWWWWWWWWWW.....WWWWWWWWWWWWWWWWWWWWWWWWW.....................
..........@@@@@@@@@@@..............................................................................................WWWWWWWWWWWWWWWWWWWWWWWWWWWWWWWWWWWWWWWWWWWWWWWWTTTTTTTTTTTWWWWWWWWWTTTTTTTTTTTWWWWWWWWWW....WWWWWWWWWWWWWWWWWWWWWWWWWW.....................
..........@@@@@@@@@@@...............................................................................................WWWWWWWWWWWWWWWWWWWWWWWWWWWWWWWWWWWWWWWWWWWWWWWTTTTTTTTTTTWWWWWWWWWTTTTTTTTTTTWWWWWWWWWW...WWWWWWWWWWWWWWWWWWWWWWWWWWW.....................
..........@@@@@@@@@@@........................................................................................WWWWWWWWWWWWWWWWWWWWWWWWWWWWWWWWWWWWWWWWWWWWWWWWWWWWWWTTTTTTTTTTTWWWWWWWWWWTTTTTTTTTWWWWWWWWWW....WWWWWWWWWWWWWWWWWWWWWWWWWWW.....................
..........@@@@@@@@@@@......................................................................................WWWWWWWWWWWWWWWWWWWWWWWWWWWWWWWWWWWWWWWWWWWWWWWWWWWWWWWWTTTTTTTTTTTWWWWWWWWWWWTTTTTTTWWWWWWWWWWW...WWWWWWWWWWWWWWWWWWWWWWWWWWWW.....................
..........@@@@@@@@@@@....................................................................................WWWWWWWWWWWWWWWWWWWWWWWWWWWWWWWWWWWWWWWWWWWWWWWWWWWWWWWWWWTTTTTTTTTTTWWWWWWWWWWWWWWWWWWWWWWWWWWWW....WWWWWWWWWWWWWWWWWWWWWWWWWWWW.....................
..........@@@@@@@@@@@..................................................................................WWWWWWWWWWWWWWWWW.WWWWWWWWWWWWWWWWWWWWWWWWWWWWWWWWWWWWWWWWWWTTTTTTTTTTTWWWWWWWWWWWWWWWWWWWWWWWWWWW....WWWWWWWWWWWWWWWWWWWWWWWWWWWWW.....................
..........@@@@@@@@@@@................................................................................WWWWWWWWWWWWWWWWWWW..WWWWWWWWWWWWWWWWWWWWWWWWWWWWWWWWWWWWWWWWWTTTTTTTTTTTWWWWWWWWWWWWWWWWWWWWWWWWWWW....WWWWWWWWWWWWWWWWWWWWWWWWWWWWW.....................
..........@@@@@@@@@@@...............................................................................WWWWWWWWWWWWWWWWWWWW...WWWWWWWWWWWWWWWWWWWWWWWWWWWWWWWWWWWWWWWWWTTTTTTTTTWWWWWWWWWWWWWWWWWWWWWWWWWWW....WWWWWWWWWWWWWWWWWWWWWWWWWWWWWW.....................
..........@@@@@@@@@@@..............@@@@@@@@@@@@@@@@................................................WWWWWWWWWWWWWWWWWWWWWWW.WWWWWWWWWWWWWWWWWWWWWWWWWWWWWWWWWWWWWWWWWWTTTTTTTWWWWWWWWWWWWWWWWWWWWWWWWWWW.....WWWWWWWWWWWWWWWWWWWWWWWWWWWWWW.....................
..........@@@@@@@@@@@............@@@@@@@@@@@@@@@@@@@@@.............................................WWWWWWWWWWWWWWWWWWWWWWWW.WWWWWWWWWWWWWWWWWWWWWWWWWWWWWWWWWWWWWWWWWWWWWWWWWWWWWWWWWWWWWWWWWWWWWWWWWW.....WWWWWWWWWWWWWWWWWWWWWWWWWWWWWWW.....................
..........@@@@@@@@@@@...........@@@@@@@@@@@@@@@@@@@@@@@...........................................WWWWWWWWWWWWWWWWWWWWWWWWWWWWWWWWWWWWWWWWWWWWWWWWWWWWWWWWWWWWWWWWWWWWWWWWWWWWWWWWWWWWWWWWWWWWWWWWWWW......WWWWWWWWWWWWWWWWWWWWWWWWWWWWWWW.....................
..........@@@@@@@@@@@..........@@@@@@@@@@@@@@@@@@@@@@@@@..........................................WWWWWWWWWWWWWWWWWWWWWWWWWW.WWWWWWWWWWWWWWWWWWWWWWWWWWWWWWWWWWWWWWWWWWWWWWWWWWWWWWWWWWWWWWWWWWWWWWW.......WWWWWWWWWWWWWWWWWWWWWWWTTTTTTTW.....................
..........@@@@@@@@@@@.........@@@@@@@@@@@@@@@@@@@@@@@@@@..........................................WWWWWWWWWWWWWWWWWWWWWWWWWW..WWWWWWWWWWWWWWWWWWWWWWWWWWWWWWWWWWWWWWWWWWWWWWWWWWWWWWWWWWWWWWWWWWWWW........WWWWWWWWWWWWWWWWWWWWWWTTTTTTTTT.....................
..........@@@@@@@@@@@........@@@@@@@@@@@@@@@@@@@@@@@@@@@@.........................................WWWWWWWWWWWWWWWWWWWWWWWWWW....WWWWWWWWWWWWWWWWWWWWWWWWWWWWWWWWWWWWWWWWWWWWWWWWWWWWWWWWWWWWWWWWWW.........WWWWWWWWWWWWWWWWWWWWWTTTTTTTTTTT....................
..........@@@@@@@@@@@........@@@@@@@@@@@@@@@@@@@@@@@@@@@@........................................WWWWWWWWWWWWWWWWWWWWWWWWWWW......WWWWWWWWWWWWWWWWWWWWWWWWWWWWWWWWWWWWWWWWWWWWWWWWWWWWWWWWWWWWWWW..........WWWWWWWWWWWWWWWWWWWWWTTTTTTTTTTTW...................
..........@@@@@@@@@@@........@@@@@@@@@@@@@@@@@@@@@@@@@@@@@.......................................WWWWWWWWWWWWWWWWWWWWWWWWWWW......WWWWWWWWWWWWWWWWWWWWWWWWWWWWWWWWWWWWWWWWWWWWWWWWWWWWWWWWWWWWWW...........WWWWWWWWWWWWWWWWWWWWWTTTTTTTTTTTWW..................
..........@@@@@@@@@@@........@@@@@@@@@@@@@@@@@@@@@@@@@@@@@.......................................WWWWWWWWWWWWWWWWWWWWWWWWWWW.......WWWWWWWWWWWWWWWWWWWWWWWWWWWWWWWWWWWWWWWWWWWWWWWWWWWWWWWWWWWWW..........WWWWWWWWWWWWWWWWWWWWWWTTTTTTTTTTTWWW.................
..........@@@@@@@@@@@........@@@@@@@@@@@@@@@@@@@@@@@@@@@@@@......................................WWWWWWWWWWWWWWWWWWWWWWWWWWW.......WWWWWWWWWWWWWWWWWWWWWWWWWWWWWWWWWWWWWWWWWWWWWWWWWWWWWWWWWWWWW..........WWWWWWWWWWWWWWWWWWWWWWTTTTTTTTTTTWWWW................
..........@@@@@@@@@@@........@@@@@@@@@@@@@@@@@@@@@@@@@@@@@@......................................WWWWWWWWWWWWWWWWWWWWWWWWWWW........WWWWWWWWWWWWWWWWWWWWWWWWWWWWWWWWWWWWWWWWWWWWWWWWWWWWWWWWWWWW..........WWWWWWWWWWWWWWWWWWWWWWTTTTTTTTTTTWWWWW...............
..........@@@@@@@@@@@........@@@@@@@@@@@@.....@@@@@@@@@@@@@......................................WWWWWWWWWWWWWWWWWWWWWWWWWW..........WWWWWWWWWWWWWWWWWWWWWWWWWWWWWWWWWWWWWWWWWWWWWWWWWWWWWWWWWW..........WWWWWWWWWWWWWWWWWWWWWWWTTTTTTTTTTTWWWWWW..............
..........@@@@@@@@@@@........@@@@@@@@@@@.......@@@@@@@@@@@@......................................WWWWWWWWWWWWWWWWWWWWWWWWW.................WWWWWWWWWWWWWWWWWWWWWWWWWWWWWWWWWWWWWWWWWWWWWWWWWWW.......WWWWWWWWWWWWWWWWWWWWWWWWWWWWTTTTTTTTTWWWWWWWW.............
..........@@@@@@@@@@@........@@@@@@@@@@@.......@@@@@@@@@@@@......................................WWWWWWWWWWWWWWWWWWWWWWWWW......................WWWWWWWWWWWWWWWWWWWWWWWWWWWWWWWWWWWWWWWWWWWWW......WWWWWWWWWWWWWWWWWWWWWWWWWWWWWWWTTTTTTTWWWWWWWWWW............
..........@@@@@@@@@@@........@@@@@@@@@@@........@@@@@@@@@@@......................................WWWWWWWWWWWWWWWWWWWWWWWWWWWW.........................WWWWWWWWWWWWWWWWWWWWWWWWWWWWWWWWWWWWWW......WWWWWWWWWWWWWWWWWWWWWWWWWWWWWWWWWWWWWWWWWWWWWWWWWW...........
..........@@@@@@@@@@@........@@@@@@@@@@@........@@@@@@@@@@@......................................WWWWWWWWWWWWWWWWWWWWWWWWWWWWWW..................................WWWWWWWWWWWWWWWWWWWWWWWWWWW.....WWWWWWWWWWWWWWWWWWWWWWWWWWWWWWWWWWWWWWWWWWWWWWWWWWW...........
..........@@@@@@@@@@@........@@@@@@@@@@@........@@@@@@@@@@@@......................................WWWWWWWWWWWWWWWWWWWWWWWWWWWWWW...................................WWWWWWWWWWWWWWWWWWWWWWWW.....WWWWWWWWWWWWWWWWWWWWWWWWWWWWWWWWWWWWWWWWWWWWWWWWWWWWW..........
..........@@@@@@@@@@@@.......@@@@@@@@@@@........@@@@@@@@@@@@..........WWWWWWW.....................WWWWWWWWWWWWWWWWWWWWWWWWWWWWWWW.................WWWWWWW..............WWWWWWWWWWWWWWWWWWW......WWWWWWWWWWWWWWWWWWWWWWWWWWWWWWWWWWWWWWWWWWWWWWWWWWWWW..........
..........@@@@@@@@@@@@.......@@@@@@@@@@@........@@@@@@@@@@@@.........WWWWWWWWW.....................WWWWWWWWWWWWWWWWWWWWWWWWWWWWWW................WWWWWWWWW.................WWWWWWWWWWWWWW.......WWWWWWWWWWWWWWWTTTTTTTWWWWWWWWWWWWWWWWWWWWWWWWWWWWWWW..........
..........@@@@@@@@@@@@.......@@@@@@@@@@@........@@@@@@@@@@@@........WWWWWWWWWWW.....................WWWWWWWWWWWWWWWWWWWWWWWWWWWWW...............WWWWWWWWWWWWW...................................WWWWWWWWWWWWWWTTTTTTTTTWWWWWWWWWWWWWWWWWWWWWWWWWWWWWW..........
..........@@@@@@@@@@@@.......@@@@@@@@@@@........@@@@@@@@@@@@........WWWWWWWWWWW.......................WWWWWWWWWWWWWWWWWWWWWWWWWWWW..............WWWWWWWWWWWWWW..................................WWWWWWWWWWWWWTTTTTTTTTTTWWWWWWWWWWWWWWWWWWWWWWWWWWWWW..........
..........@@@@@@@@@@@@.......@@@@@@@@@@@.........@@@@@@@@@@@........WWWWWWWWWWW.........................WWWWWWWWWWWWWWWWWWWWWWWWWWW.............WWWWWWWWWWWWWWW.................................WWWWWWWWWWWWWTTTTTTTTTTTWWWWWWWWWWWWWWWWWWWWWWWWWWWWW..........
...........@@@@@@@@@@@.......@@@@@@@@@@@.........@@@@@@@@@@@........WWWWWWWWWWW..........................WWWWWWWWWWWWWWWWWWWWWWWWWWW............WWWWWWWWWWWWWWWWW...............................WWWWWWWWWWWWWTTTTTTTTTTTWWWWWWWWWWWWWWWWWWWWWWWWWWWWWW.........
...........@@@@@@@@@@@.......@@@@@@@@@@@.........@@@@@@@@@@@........WWWWWWWWWWW............................WWWWWWWWWWWWWWWWWWWWWWWWW............WWWWWWWWWWWWWWWWWW..............................WWWWWWWWWWWWWTTTTTTTTTTTWWWWWWWWWWWWWWWWWWWWWWWWWWWWWW.........
...........@@@@@@@@@@@.......@@@@@@@@@@@.........@@@@@@@@@@@........WWWWWWWWWWW..............................WWWWWWWWWWWWWWWWWWWWWWW............WWWWWWWWWWWWWWWWWWWWWWWWWWWWW...................WWWWWWWWWWWWWTTTTTTTTTTTWWWWWWWWWWWWWWWWWWWWWWWWWWWWWW.........
...........@@@@@@@@@@@@......@@@@@@@@@@@.........@@@@@@@@@@@........WWWWWWWWWWW................................WWWWWWWWWWWWWWWWWWWWW............WWWWWWWWWWWWWWWWWWWWWWWWWWWWWW...................WWWWWWWWWWWWTTTTTTTTTTTWWWWWWWWWWWWWWWWWWWWWWWWWWWWWW.........
...........@@@@@@@@@@@@......@@@@@@@@@@@.........@@@@@@@@@@@.........WWWWWWWWW...................................WWWWWWWWWWWWWWWWWWWWWWWWWWW.....WWWWWWWWWWWWWWWWWWWWWWWWWWWWWWW...WWWWWWW.......WWWWWWWWWWWWTTTTTTTTTTTWWWWWWWWWWWWWWWWWWWWWWWWWWWWWW.........
...........@@@@@@@@@@@@......@@@@@@@@@@@.........@@@@@@@@@@@@.........WWWWWWW.....................................WWWWWWWWWWWWWWWWWWWWWWWWWWW.....WWWWWWWWWWWWWWWWWWWWWWWWWWWWWWWWWWWWWWWWW.......WWWWWWWWWWWWTTTTTTTTTWWWWWWWWWWWWWWWWWWWWWWWWWWWWWWWW........
...........@@@@@@@@@@@@......@@@@@@@@@@@.........@@@@@@@@@@@@......................................................WWWWWWWWWWWWWWWWWWWWWWWWWWW.....WWWWWWWWWWWWWWWWWWWWWWWWWWWWWWWWWWWWWWWWW......WWWWWWWWWWWWWTTTTTTTWWWWWWWWWWWWWWWWWWWWWWWWWWWWWWWWW........
...........@@@@@@@@@@@@......@@@@@@@@@@@.........@@@@@@@@@@@@.......................................................WWWWWWWWWWWWWWWWWWWWWWWWWW......WWWWWWWWWWWWWWWWWWWWWWWWWWWWWWWWWWWWWWWW.......WWWWWWWWWWWWWWWWWWWWWWWWWWWWWWWWWWWWWWWWWWWWWWWWWWWW........
............@@@@@@@@@@@@.....@@@@@@@@@@@.........@@@@@@@@@@@@........................................................WWWWWWWWWWWWWWWWWWWWWWWWW.........WWWWWWWWWWWWWWWWWWWWWWWWWWWWWWWWWWWWW........WWWWWWWWWWWWWWWWWWWWWWWWWWWWWWWWWWWWWWWWWWWWWWWWWWW........
............@@@@@@@@@@@@.....@@@@@@@@@@@@........@@@@@@@@@@@@.........................................................WWWWWWWWWWWWWWWWWWWWWWWW..........WWWWWWWWWWWWWWWWWWWWWWWWWWWWWWWWWWWWW.........WWWWWWWWWWWWWWWWWWWWWWWWWWWWWWWWWWWWWWWWWWWWWWWWWW.......
............@@@@@@@@@@@@.....@@@@@@@@@@@@.........@@@@@@@@@@@..........................................................WWWWWWWWWWWWWWWWWWWWWWWWWW.........WWWWWWWWWWWWWWWWWWWWWWWWWWWWWWWWWWW...........WWWWWWWWWWWWWWWWWWWWWWWWWWWWWWWWWWWWWWWWWWWWWWWW.......
............@@@@@@@@@@@@.....@@@@@@@@@@@@.........@@@@@@@@@@@...........................................................WWWWWWWWWWWWWWWWWWWWWWWWWW.........WWWWWWWWWWWWWWWWWWWWWWWWWWWWWWWWWW.............WWWWWWWWWWWWWWWWWWWWWWWWWWWWWWWWWWWWWWWWWWWWWWW......
............@@@@@@@@@@@@.....@@@@@@@@@@@@.........@@@@@@@@@@@............................................................WWWWWWWWWWWWWWWWWWWWWWWWWW..........WWWWWWWWWWWWWWWWWWWWWWWWWWWWWWWWW.................WWWWWWWWWWWWWWWWWWWWWWWWWWWWWWWWWWWWWWWWWW......
............@@@@@@@@@@@@.....@@@@@@@@@@@@.........@@@@@@@@@@@.............................................................WWWWWWWWWWWWWWWWWWWWWWWWW....................WWWWWWWWWWWWWWWWWWWWWWWWW................WWWWWWWWWWWWWWWWWWWWWWWWWWWWWWWWWWWWWWWWW......
...........@@@@@@@@@@@@@......@@@@@@@@@@@.........@@@@@@@@@@@..............................................................WWWWWWWWWWWWWWWWWWWWWWWWW....................WWWWWWWWWWWWWWWWWWWWWWWWWWW....................WWWWWWWWWWWWWWWWWWWWWWWWWWWWWWWWWW......
..........@@@@@@@@@@@@@@......@@@@@@@@@@@.........@@@@@@@@@@@..............................................................WWWWWWWWWWWWWWWWWWWWWWWWW........................WWWWWWWWWWWWWWWWWWWWWWWWW......................WWWWWWWWWWWWWWWWWWWWWWWWWWWWWW......
..........@@@@@@@@@@@@@@......@@@@@@@@@@@.........@@@@@@@@@@@...............................................................WWWWWWWWWWWWWWWWWWWWWWWWW........................WWWWWWWWWWWWWWWWWWWWWWWWWWWW...................WWWWWWWWWWWWWWWWWWWWWWWWWWWWW......
.........@@@@@@@@@@@@@@@......@@@@@@@@@@@.........@@@@@@@@@@@................................................................WWWWWWWWWWWWWWWWWWWWWWWW........................WWWWWWWWWWWWWWWWWWWWWWWWWWWWWWWWWW..............WWWWWWWWWWWWWWWWWWWWWWWWWWWW......
.........@@@@@@@@@@@@@@@......@@@@@@@@@@@.........@@@@@@@@@@@................................................................WWWWWWWWWWWWWWWWWWWWWWWW........................WWWWWWWWWWWWWWWWWWWWWWWWWWWWWWWWWWWWW............WWWWWWWWWWWWWWWWWWWWWWWWWW.......
........@@@@@@@@@@@@@@@.......@@@@@@@@@@@.........@@@@@@@@@@@................................................................WWWWWWWWWWWWWWWWWWWWWWWW.......................WWWWWWWWWWWWWWWWWWWWWWWWWWWWWWWWWWWWWWWWWW..........WWWWWWWWWWWWWWWWWWWWWWWW.......
........@@@@@@@@@@@@@@........@@@@@@@@@@@@........@@@@@@@@@@@................................................................WWWWWWWWWWWWWWWWWWWWWWWWWWWWWWWWWWWWWWW........WWWWWWWWWWWWWWWWWWWWWWWWWWWWWWWWWWWWWWWWWWWWWW..........WWWWWWWWWWWWWWWWWWWW.......
........@@@@@@@@@@@@@.........@@@@@@@@@@@@........@@@@@@@@@@@.........@@@@@@@@@@@@@@@@@@@@...................................WWWWWWWWWWWWWWWWWWWWWWWWWWWWWWWWWWWWWWWW......WWWWWWWWWWWWWWWWWWWWWWWWWWWWWWWWWWWWWWWWWWWWWWWWW.........WWWWWWWWWWWWWWWWWWW.......
........@@@@@@@@@@@@..........@@@@@@@@@@@@........@@@@@@@@@@@........@@@@@@@@@@@@@@@@@@@@@@@@@@@@@@@@@@@@@@@@@...............WWWWWWWWWWWWWWWWWWWWWWWWWWWWWWWWWWWWWWWWW.....WWWWWWWWWWWWWWWWWWWWWWWWWWWWWWWWWWWWWWWWWWWWWWWWWW.........WWWWWWWWWWWWWWWWW........
........@@@@@@@@@@@@..........@@@@@@@@@@@@........@@@@@@@@@@@.......@@@@@@@@@@@@@@@@@@@@@@@@@@@@@@@@@@@@@@@@@@@..............WWWWWWWWWWWWWWWWWWWWWWWWWWWWWWWWWWWWWWWWW.....WWWWWWWWWWWWWWWWWTTTTTTTWWWWWWWWWWWWWWWWWWWWWWWWWWW..........WWWWWWWWWWWWWW.........
........@@@@@@@@@@@...........@@@@@@@@@@@@........@@@@@@@@@@@.......@@@@@@@@@@@@@@@@@@@@@@@@@@@@@@@@@@@@@@@@@@@@.............WWWWWWWWWWWWWWWWWWWWWWWWWWWWWWWWWWWWWWWWW.....WWWWWWWWWWWWWWWWTTTTTTTTTWWWWWWWWWWWWWWWWWWWWWWWWWW...............WWWWWWW...........
........@@@@@@@@@@@............@@@@@@@@@@@........@@@@@@@@@@@.......@@@@@@@@@@@@@@@@@@@@@@@@@@@@@@@@@@@@@@@@@@@@.............WWWWWWWWWWWWWWWWWWWWWWWWWWWWWWWWWWWWWWWWW.....WWWWWWWWWWWWWWWTTTTTTTTTTTWWWWWWWWWWWWWWWWWWWWWWWWWW................................
........@@@@@@@@@@@............@@@@@@@@@@@........@@@@@@@@@@@.......@@@@@@@@@@@@@@@@@@@@@@@@@@@@@@@@@@@@@@@@@@@@..............WWWWWWWWWWWWWWWWWWWWWWWWWWWWWWWWWWWWWWWW.....WWWWWWWWWWWWWWWTTTTTTTTTTTWWWWWWWWWWWWWWWWWWWWWWWWWW................................
........@@@@@@@@@@@............@@@@@@@@@@@........@@@@@@@@@@@.......@@@@@@@@@@@@@@@@@@@@@@@@@@@@@@@@@@@@@@@@@@@@..............WWWWWWWWWWWWWWWWWWWWWWWWWWWWWWWWWWWWWWWW.....WWWWWWWWWWWWWWWTTTTTTTTTTTWWWWWWWWWWWWWWWWWWWWWWWWWW................................
........@@@@@@@@@@@............@@@@@@@@@@@........@@@@@@@@@@@@......@@@@@@@@@@@@@@@@@@@@@@@@@@@@@@@@@@@@@@@@@@@@.............WWWWWWWWWWWWWWWWWWWWWWWWWWWWWWWWWWWWWWWWW......WWWWWWWWWWWWWWTTTTTTTTTTTWWWWWWWWWWWWWWWWWWWWWWWWWW..........WWWWWWW...............
........@@@@@@@@@@@............@@@@@@@@@@@........@@@@@@@@@@@@......@@@@@@@@@@@@@@@@@@@@@@@@@@@@@@@@@@@@@@@@@@@@.............WWWWWWWWWWWWWWWWWWWWWWWWWWWWWWWWWWWWWWWW........WWWWWWWWWWWWWTTTTTTTTTTTWWWWWWWWWWWWWWWWWWWWWWWWWW.........WWWWWWWWW..............
........@@@@@@@@@@@@...........@@@@@@@@@@@........@@@@@@@@@@@@.......@@@@@@@@@@@@@@@@@@@@@@@@@@@@@@@@@@@@@@@@@@@.............WWWWWWWWWWWWWWWWWWWWWWWWWWWWWWWWWWWWWWW..........WWWWWWWWWWWWTTTTTTTTTTTWWWWWWWWWWWWWWWWWWWWWWWWWW........WWWWWWWWWWW.............
........@@@@@@@@@@@@...........@@@@@@@@@@@........@@@@@@@@@@@@@.......@@@@@@@@@@@@@@@@@@@@@@@@@@@@@@@@@@@@@@@@@@.............WWWWWWWWWWWWWWWWWWWWWWWWWWWWWWWWWWWWWWWWW...........WWWWWWWWWTTTTTTTTTTTWWWWWWWWWWWWWWWWWWWWWWWWWW........WWWWWWWWWWW.............
........@@@@@@@@@@@@...........@@@@@@@@@@@........@@@@@@@@@@@@@......................@@@@@@@@@@@@@@@@@@@@@@@@@@@............WWWWWWWWWWWWWWWWWTTTTTTTWWWWWWWWWWWWWWWWWWW...........WWWWWWWWWTTTTTTTTTWWWWWWWWWWWWWWWWWWWWWWWWWWW........WWWWWWWWWWWW............
........@@@@@@@@@@@@...........@@@@@@@@@@@@.......@@@@@@@@@@@@@.................................@@@@@@@@@@@@@@@.............WWWWWWWWWWWWWWWWTTTTTTTTTWWWWWWWWWWWWWWWWWWW..........WWWWWWWWWWTTTTTTTWWWWWWWWWWWWWWWWWWWWWWWWWWWW........WWWWWWWWWWWWWW..........
........@@@@@@@@@@@@@..........@@@@@@@@@@@@........@@@@@@@@@@@@...................................@@@@@@@@@@@@@.............WWWWWWWWWWWWWWWTTTTTTTTTTTWWWWWWWWWWWWWWWWWWWWWWWW.....WWWWWWWWWWWWWWWWWWWWWWWWWWWWWWWWWWWWWWWWWWWW........WWWWWWWWWWWWWWWW........
.........@@@@@@@@@@@@..........@@@@@@@@@@@@........@@@@@@@@@@@@...................................@@@@@@@@@@@@@.............WWWWWWWWWWWWWWWTTTTTTTTTTTWWWWWWWWWWWWWWWWWWWWWWWWWWWWWWWWWWWWWWWWWWWWWWWWWWWWWWWWWWWWWWWWWWWWWWWWW........WWWWWWWWWWWWWWWWW.......
.........@@@@@@@@@@@@..........@@@@@@@@@@@@........@@@@@@@@@@@@...................................@@@@@@@@@@@@@............WWWWWWWWWWWWWWWWTTTTTTTTTTTWWWWWWWWWWWWWWWWWWWWWWWWWWWWWWW.WWWWWWWWWWWWWWWWWWWWWWWWWWWWWWWWWWWWWWWWW.......WWWWWWWWWWWWWWWWWWW......
.........@@@@@@@@@@@@..........@@@@@@@@@@@@........@@@@@@@@@@@@...................................@@@@@@@@@@@@.............WWWWWWWWWWWWWWWWTTTTTTTTTTTWWWWWWWWWWWWWWWWWWWWWWWWWWWWWWWW....WWWWWWWWWWWWWWWWWWWWWWWWWWWWWWWWWWWWW......WWWWWWWWWWWWWWWWWWWW......
.........@@@@@@@@@@@@...........@@@@@@@@@@@........@@@@@@@@@@@...................................@@@@@@@@@@@@@.............WWWWWWWWWWWWWWWWTTTTTTTTTTTWWWWWWWWWWWWWWWWWWWWWWWWWWWWWWWWW.....WWWWWWWWWWWWWWWWWWWWWWWWWWWWWWWWWWW......WWWWWWWWWWWWWWWWWWWW......
..........@@@@@@@@@@@...........@@@@@@@@@@@........@@@@@@@@@@@...................................@@@@@@@@@@@@..............WWWWWWWWWWWWWWWWTTTTTTTTTTTWWWWWWWWTTTTTTTWWWWWWWWWWWWWWWWWWW....WWWWWWWWWWWWWWWWWWWWWWWWWWWWWWWWWWW......WWWWWWWWWWWWWWWWWWWW......
..........@@@@@@@@@@@...........@@@@@@@@@@@........@@@@@@@@@@@..................................@@@@@@@@@@@@@..............WWWWWWWWWWWWWWWWTTTTTTTTTTTWWWWWWWTTTTTTTTTWWWWWWWWWWWWWWWWWW.....WWWWWWWWWWWWWWWWWWWWWWWWWWWWWWWWWW......WWWWWWWWWWWWWWWWWWWW......
..........@@@@@@@@@@@...........@@@@@@@@@@@........@@@@@@@@@@@..................................@@@@@@@@@@@@@..............WWWWWWWWWWWWWWWWWTTTTTTTTTWWWWWWWTTTTTTTTTTTWWWWWWWWWWWWWWWWW......WWWWWWWWWWWWWWWWWWWWWWWWWWWWWWWWW.....WWWWWWWWWWWWWWWWWWWWW......
..........@@@@@@@@@@@...........@@@@@@@@@@@........@@@@@@@@@@@..................................@@@@@@@@@@@@@..............WWWWWWWWWWWWWWWWWWTTTTTTTWWWWWWWWTTTTTTTTTTTWWWWWWWWWWWWWWWWW........WWWWWWWWWWWWWWWWWWWWWWWWWWWWWWW.....WWWWWWWWWWWWWWWWWWWWW......
..........@@@@@@@@@@@...........@@@@@@@@@@@........@@@@@@@@@@@..................................@@@@@@@@@@@@...............WWWWWWWWWWWWWWWWWWWWWWWWWWWWWWWWWTTTTTTTTTTTWWWWWWWWWWWWWWWWWW.........WWWWWWWWWWWWWWWWWWWWWWWWWWWWW.....WWWWWWWWWWWWWWWWWWWW.......
..........@@@@@@@@@@@...........@@@@@@@@@@@........@@@@@@@@@@@..........@@@@@@@.................@@@@@@@@@@@@...............WWWWWWWWWWWWWWWWWWWWWWWWWWWWWWWWWTTTTTTTTTTTWWWWWWWWWWWWWWWWWW.........WWWWWWWWWWWWWWWWWWWWWWWWWWWWW.....WWWWWWWWWWWWWWWWWWWW.......
..........@@@@@@@@@@@...........@@@@@@@@@@@........@@@@@@@@@@@.........@@@@@@@@@...............@@@@@@@@@@@@................WWWWWWWWWWWWWWWWWWWWWWWWWWWWWWWWWTTTTTTTTTTTWWWWWWWWWWWWWWWWWW..........WWWWWWWWWWWWWWWWWWWWWWWWWWW......WWWWWWWWWWWWWWWWWWWW.......
..........@@@@@@@@@@@...........@@@@@@@@@@@........@@@@@@@@@@@........@@@@@@@@@@@.............@@@@@@@@@@@@@................WWWWWWWWWWWWWWWWWWWWWWWWWWWWWWWWWTTTTTTTTTTTWWWWWWWWWWWWWWWWWW...........WWWWWWWWWWWWWWWWWWWWWWWWW.......WWWWWWWWWWWWWWWWWWWW.......
..........@@@@@@@@@@@@..........@@@@@@@@@@@........@@@@@@@@@@@........@@@@@@@@@@@.............@@@@@@@@@@@@@................WWWWWWWWWWWWWWWWWWWWWWWWWWWWWWWWWTTTTTTTTTTTWWWWWWWWWWWWWWWWWW..........................WWWWWWWWW........WWWWWWWWWWWWWWWWWWW........
..........@@@@@@@@@@@@..........@@@@@@@@@@@.......@@@@@@@@@@@@........@@@@@@@@@@@.............@@@@@@@@@@@@@................WWWWWWWWWWWWWWWWWWWWWWWWWWWWWWWWWWTTTTTTTTTWWWWWWWWWWWWWWWWWWW....................................WWWWWWWWWWWWWWWWWWWWWWWWWW........
..........@@@@@@@@@@@@..........@@@@@@@@@@@.......@@@@@@@@@@@@........@@@@@@@@@@@.............@@@@@@@@@@@@@................WWWWWWWWWWWWWWWWWWWWWWWWWWWWWWWWWWWTTTTTTTWWWWWWWWWWWWWWWWWWWW..........WWWWWWWWWWWW.............WWWWWWWWWWWWWWWWWWWWWWWWWWW........
..........@@@@@@@@@@@@..........@@@@@@@@@@@.......@@@@@@@@@@@@........@@@@@@@@@@@.............@@@@@@@@@@@@@.................WWWWWWWWWWWWWWWWWWWWWWWWWWWWWWWWWWWWWWWWWWWWWWWWWWWWWWWWWWWW..........WWWWWWWWWWWWWW...........WWWWWWWWWWWWWWWWWWWWWWWWWWWW........
..........@@@@@@@@@@@@..........@@@@@@@@@@@.......@@@@@@@@@@@@........@@@@@@@@@@@.............@@@@@@@@@@@@..................WWWWWWWWWWWWWWWWWWWWWWWWWWWWWWWWWWWWWWWWWWWWWWWWWWWWWWWWWWW..........WWWWWWWWWWWWWWWW..........WWWWWWWWWWWWWWWWWWWWWWWWWWWW........
...........@@@@@@@@@@@..........@@@@@@@@@@@.......@@@@@@@@@@@@........@@@@@@@@@@@.............@@@@@@@@@@@....................WWWWWWWWWWWWWWWWWWWWWWWWWWWWWWWWWWWWWWWWWWWWWWWWWWWWWWWWW...........WWWWWWWWWWWWWWWW..........WWWWWWWWWWWWWWWWWWWWWWWWWWWW........
...........@@@@@@@@@@@......@@@@@@@@@@@@@@@.......@@@@@@@@@@@.........@@@@@@@@@@@.............@@@@@@@@@@@....................WWWWWWWWWWWWWWWWWWWWWWWWWWWWWWWWWWWWWWWWWWWW.......................WWWWWWWWWWWWWWWWW..........WWWWWWWWWWWWWWWWWWWWWWWWWWWWW.......
...........@@@@@@@@@@@@@@@@@@@@@@@@@@@@@@@@.......@@@@@@@@@@@.........@@@@@@@@@@@.............@@@@@@@@@@@....................WWWWWWWWWWWWWWWWWWWWWWWWWWWWWWWWWWWWWWWWWW........................WWWWWWWWWWWWWWWWWW..........WWWWWWWWWWWWWWWWWWWWWWWWWWWWW.......
...........@@@@@@@@@@@@@@@@@@@@@@@@@@@@@@@@.......@@@@@@@@@@@.........@@@@@@@@@@@............@@@@@@@@@@@@.....................WWWWWWWWWWWWWWWWWWWWWWWWWWWWWWWWWWWWWW...........................WWWWWWWWWWWWWWWWWW..........WWWWWWWWWWWWWWWWWWWWWWWWWWWWW.......
...........@@@@@@@@@@@@@@@@@@@@@@@@@@@@@@@@.......@@@@@@@@@@@.........@@@@@@@@@@@............@@@@@@@@@@@@......................WWWWWWWWW.WWWWWWWWWWWWWWWWWWWWWWWWWWW...........................WWWWWWWWWWWWWWWWWW..........WWWWWWWWWWWWWWWWWWWWWWWWWWWWW.......
...........@@@@@@@@@@@@@@@@@@@@@@@@@@@@@@@@.......@@@@@@@@@@@.........@@@@@@@@@@@............@@@@@@@@@@@@..................................WWWWWWWWWWWWWWWWWWWWWWWWW..........................WWWWWWWWWWWWWWWWWWW...........WWWWWWWWWWWWWWWWWWWWWWWWWWWW.......
...........@@@@@@@@@@@@@@@@@@@@@@@@@@@@@@@@.......@@@@@@@@@@@.........@@@@@@@@@@@............@@@@@@@@@@@@..................................WWWWWWWWWWWWWWWWWWWWWWWWW..........................WWWWWWWWWWWWWWWWWWW............WWWWWWWWWWWWWWWWWWWWWWWWWWW.......
...........@@@@@@@@@@@@@@@@@@@@@@@@@@@@@@@@.......@@@@@@@@@@@.........@@@@@@@@@@@............@@@@@@@@@@@...................................WWWWWWWWWWWWWWWWWWWWWWWW...........................WWWWWWWWWWWWWWWWWWWW.............WWWWWWWWWWWWWWWWWWWWWWWWW.......
............@@@@@@@@@@@@@@@@@@@@@@@@@@@@@@........@@@@@@@@@@@.........@@@@@@@@@@@............@@@@@@@@@@@...................................WWWWWWWWWWWWWWWWWWWWWWWW...........................WWWWWWWWWWWWWWWWWWWW...................WWWWWWWWWWWWWWWWWWW.......
............@@@@@@@@@@@@@@@@@@@@@@@@@@@@@@........@@@@@@@@@@@.........@@@@@@@@@@@............@@@@@@@@@@@....................................WWWWWWWWWWWWWWWWWWWWWW............................WWWWWWWWWWWWWWWWWWWWWWWWWWWWWWW........WWWWWWWWWWWWWWWWWWWW......
............@@@@@@@@@@@@@@@@@@@@@@@@@@@@@.........@@@@@@@@@@@.........@@@@@@@@@@@............@@@@@@@@@@@....................................WWWWWWWWWWWWWWWWWWWWW.............................WWWWWWWWWWWWWWWWWWWWWWWWWWWWWWWW.......WWWWWWWWWWWWWWWWWWWW......
.............@@@@@@@@@@@@@@@@@@@@@@@@@@@..........@@@@@@@@@@@.........@@@@@@@@@@@............@@@@@@@@@@@.....................................WWWWWWWWWWWWWWWWWW...............................WWWWWWWWWWWWWWWWWWWWWWWWWWWWWWWWW.......WWWWWWWWWWWWWWWWWWWW.....
..............@@@@@@@@@@@@@@@@@@@.................@@@@@@@@@@@.........@@@@@@@@@@@............@@@@@@@@@@@......................................WWWWWWWWWWWWWWW.................................WWWWWWWWWWWWWWWWWWWWWWWWWWWWWWWWW.......WWWWWWWWWWWWWWWWWWWW.....
...............@@@@@@@@@@@@.......................@@@@@@@@@@@.........@@@@@@@@@@@............@@@@@@@@@@@.......................................WWWWWWWWWW......................WWWWWWW........WWWWWWWWWWWWWWWWWWWWWWWWWWWWWWWWWW......WWWWWWWWWWWWWWWWWWWWW....
..................................................@@@@@@@@@@@.........@@@@@@@@@@@............@@@@@@@@@@@......................................................................WWWWWWWWW.......WWWWWWWWWWWWWWWWWWWWWWWWWWWWWWWWWW......WWWWWWWWWWWWWWWWWWWWW....
..................................................@@@@@@@@@@@.........@@@@@@@@@@@............@@@@@@@@@@@...................................................................WWWWWWWWWWWWW......WWWWWWWWWWWWWWWWWWWWWWWWWWWWWWWWWW......WWWWWWWWWWWWWWWWWWWWWW...
..................................................@@@@@@@@@@@.........@@@@@@@@@@@............@@@@@@@@@@@.................................................................WWWWWWWWWWWWWWW......WWWWWWWWWWWWWWTTTTTTTWWWWWWWWWWWWW......WWWWWWWWWWWWWWWWWWWWWW...
...................................@@@@@@@@@@@@@@@@@@@@@@@@@@.........@@@@@@@@@@@............@@@@@@@@@@@........................................................WWWWWWWWWWWWWWWWWWWWWWWW......WWWWWWWWWWWWWTTTTTTTTTWWWWWWWWWWWW.......WWWWWWWWWWWWWWWWWWWWWW..
........................@@@@@@@@@@@@@@@@@@@@@@@@@@@@@@@@@@@@@.........@@@@@@@@@@@............@@@@@@@@@@@..........................................WWWWWWW......WWWWWWWWWWWWWWWWWWWWWWWWW.......WWWWWWWWWWWTTTTTTTTTTTWWWWWWWWWWWWWWWWW..WWWWWWWWWWWWWWWWWWWWW..
.............@@@@@@@@@@@@@@@@@@@@@@@@@@@@@@@@@@@@@@@@@@@@@@@@.........@@@@@@@@@@@............@@@@@@@@@@@.........................................WWWWWWWWW...WWWWWWWWWWWWWWWWWWWWWWWWWWW........WWWWWWWWWWTTTTTTTTTTTWWWWWWWWWWWWWWWWWW...WWWWWWWWWWWWWWWWWWW..
.....@@@@@@@@@@@@@@@@@@@@@@@@@@@@@@@@@@@@@@@@@@@@@@@@@@@@@@@@.........@@@@@@@@@@@............@@@@@@@@@@@........................................WWWWWWWWWWW.WWWWWWWWWWWWWWWWWWWWWWWWWWWW.........WWWWWWWWWTTTTTTTTTTTWWWWWWWWWWWWWWWWWWW...WWWWWWWWWWWWWWWWWW..
....@@@@@@@@@@@@@@@@@@@@@@@@@@@@@@@@@@@@@@@@@@@@@@@@@@@@@@@@@.........@@@@@@@@@@@............@@@@@@@@@@@.......................................WWWWWWWWWWWWWWWWWWWWWWWWWWWWWWWWWWWWWWWWW..........WWWWWWWWTTTTTTTTTTTWWWWWWWWWWWWWWWWWWW...WWWWWWWWWWWWWWWWWW..
...@@@@@@@@@@@@@@@@@@@@@@@@@@@@@@@@@@@@@@@@@@@@@@@@@@@@@@@@@@.........@@@@@@@@@@@............@@@@@@@@@@@......................................WWWWWWWWWWWWWWWWWWWWWWWWWWWWWWWWWWWWWWWWW...........WWWWWWWWTTTTTTTTTTTWWWWWWWWWWWWWWWWWWW...WWWWWWWWWWWWWWWWWW..
...@@@@@@@@@@@@@@@@@@@@@@@@@@@@@@@@@@@@@@@@@@@@@@@@@@@@@@@@@@.........@@@@@@@@@@@............@@@@@@@@@@@......................................WWWWWWWWWWWWWWWWWWWWWWWWWWWWWWWWWWWWWWWW.............WWWWWWWTTTTTTTTTTTWWWWWWWWWWWWWWWWWWW...WWWWWWWWWWWWWWWWWW..
...@@@@@@@@@@@@@@@@@@@@@@@@@@@@@@@@@@@@@@@@@@@@@@@@@@@@@@@@@@.........@@@@@@@@@@@............@@@@@@@@@@@.....................................WWWWWWWWWWWWWWWWWWWWWWWWWWWWWWWWWWWWWWWW..............WWWWWWWTTTTTTTTTTTWWWWWWWWWWWWWWWWWWW...WWWWWWWWWWWWWWWWW...
...@@@@@@@@@@@@@@@@@@@@@@@@@@@@@@@@@@@@@@@@@@@@@@@@@@@@@@@@@@.........@@@@@@@@@@@............@@@@@@@@@@@..........@@@@@@@....................WWWWWWWWWWWWWWWWWWWWWWWWWWWWWWWWWWWWWWW..............WWWWWWWWWTTTTTTTTTWWWWWWWWWWWWWWWWWWWW...WWWWWWWWWWWWWWWWW...
...@@@@@@@@@@@@@@@@@@@@@@@@@@@@@@@@@@@@@@@@@@@@@@@@@@@@@@@@@@.........@@@@@@@@@@@............@@@@@@@@@@@.........@@@@@@@@@...................WWWWWWWWWWWWWWWWWWWWWWWWWWWWWWWWWWWWWW..............WWWWWWWWWWWTTTTTTTWWWWWWWWWWWWWWWWWWWWW...WWWWWWWWWWWWWWWW....
...@@@@@@@@@@@@@@@@@@@@@@@@@@@@@@@@@@@@@@@@@@@@@@@@@@@@@@@@@..........@@@@@@@@@@@............@@@@@@@@@@@........@@@@@@@@@@@.................WWWWWWWWWWWWWWWWWWWWWWWWWWWWWWWWWWWWWW..............WWWWWWWWWWWWWWWWWWWWWWWWWWWWWWWWWWWWWWW....WWWWWWWWWWWWWWWW....
...@@@@@@@@@@@@@@@@@@@@@@@@@@@@@@@@@@@@@........@@@@@@@@@@@...........@@@@@@@@@@@............@@@@@@@@@@@........@@@@@@@@@@@.................WWWWWWWWWWWTTTTTTTWWWWWWWWWWWWWWWWWWW...............WWWWWWWWWWWWWWWWWWWWWWWWWWWWWWWWWWWWWW.....WWWWWWWWWWWWWWW.....
....@@@@@@@@@@@@@@@@@@@@@@@@@.........................................@@@@@@@@@@@............@@@@@@@@@@@........@@@@@@@@@@@.................WWWWWWWWWWTTTTTTTTTWWWWWWWWWWWWWWWWW................WWWWWWWWWWWWWWWWWWWWWWWWWWWWWWWWWWWWW......WWWWWWWWWWWWWWW.....
....@@@@@@@@@@@@@@....................................................@@@@@@@@@@@............@@@@@@@@@@@........@@@@@@@@@@@.................WWWWWWWWWTTTTTTTTTTTWWWWWWWWWWWWWWWW................WWWWWWWWWWWWWWWWWWWWWWWWWWWWWWWWWWWWW......WWWWWWWWWWWWWW......
....@@@@@@@@@@@@@.....................................................@@@@@@@@@@@............@@@@@@@@@@@........@@@@@@@@@@@@................WWWWWWWWWTTTTTTTTTTTWWWWWWWWWWWWWWWWW...............WWWWWWWWWWWWWWWWWWTTTTTTTWWWWWWWWWWWW......WWWWWWWWWWWWWW......
....@@@@@@@@@@@@@@....................................................@@@@@@@@@@@............@@@@@@@@@@@........@@@@@@@@@@@@................WWWWWWWWWTTTTTTTTTTTWWWWWWWWWWWWWWWWWW..............WWWWWWWWWWWWWWWWWTTTTTTTTTWWWWWWWWWWW......WWWWWWWWWWWWW.......
.....@@@@@@@@@@@@@....................................................@@@@@@@@@@@............@@@@@@@@@@@........@@@@@@@@@@@@................WWWWWWWWWTTTTTTTTTTTWWWWWWWWWWWWWWWWWW.............WWWWWWWWWWWWWWWWWTTTTTTTTTTTWWWWWWWWWWW.....WWWWWWWWWWWWW.......
.....@@@@@@@@@@@@@@..................................................@@@@@@@@@@@@............@@@@@@@@@@@........@@@@@@@@@@@@.................WWWWWWWWTTTTTTTTTTTWWWWWWWWWWWWWWWWWWWW...........WWWWWWWWWWWWWWWWWTTTTTTTTTTTWWWWWWWWWWWW....WWWWWWWWWWWW........
......@@@@@@@@@@@@@..................................................@@@@@@@@@@@@............@@@@@@@@@@@........@@@@@@@@@@@@..................WWWWWWWTTTTTTTTTTTWWWWWWWWWWWWWWWWWWWWW..........WWWWWWWWWWWWWWWWWTTTTTTTTTTTWWWWWWWWWWWW.....WWWWWWWWWW.........
......@@@@@@@@@@@@@.................................................@@@@@@@@@@@@@...........@@@@@@@@@@@@.........@@@@@@@@@@@.................WWWWWWWWTTTTTTTTTTTWWWWWWWWWWWWWWWWWWWWWW.........WWWWWWWWWWWWWWWWWTTTTTTTTTTTWWWWWWWWWWWW......WWWWWWW...........
.......@@@@@@@@@@@@.................................................@@@@@@@@@@@@@...........@@@@@@@@@@@@.........@@@@@@@@@@@.................WWWWWWWWWTTTTTTTTTWWWWWWWWWWWWWWWWWWWWWWWW........WWWWWWWWWWWWWWWWWTTTTTTTTTTTWWWWWWWWWWWW........................
.......@@@@@@@@@@@@@.............................................@@@@@@@@@@@@@@@@...........@@@@@@@@@@@@.........@@@@@@@@@@@................WWWWWWWWWWWTTTTTTTWWWWWWWWWWWWWWWWWWWWWWWWWW.......WWWWWWWWWWWWWWWWWTTTTTTTTTTTWWWWWWWWWWWW........................
........@@@@@@@@@@@@....................................@@@@@@@@@@@@@@@@@@@@@@@@............@@@@@@@@@@@@.........@@@@@@@@@@@...............WWWWWWWWWWWWWWWWWWWWWWWWWWWWWWWWWWWWWWWWWWWWW.......WWWWWWWWWWWWWWWWWTTTTTTTTTTTWWWWWWWWWWWWW.......................
........@@@@@@@@@@@@@.............................@@@@@@@@@@@@@@@@@@@@@@@@@@@@@@............@@@@@@@@@@@..........@@@@@@@@@@@...............WWWWWWWWWWWWWWWWWWWWWWWWWWWWWWWWWWWWWWWWWWWWW........WWWWWWWWWWWWWWWWWTTTTTTTTTWWWWWWWWWWWWWWWW.....................
........@@@@@@@@@@@@@@@@@@@@@@@@@@@@@@@@@@@@@@@@@@@@@@@@@@@@@@@@@@@@@@@@@@@@@@@.............@@@@@@@@@@@..........@@@@@@@@@@@..............WWWWWWWWWWWWWWWWWWWWWWWWWWWWWWWWWWWWWWWWWWWWWW.........WWWWWWWWWWWWWWWWWTTTTTTTWWWWWWWWWWWWWWWWWW....................
........@@@@@@@@@@@@@@@@@@@@@@@@@@@@@@@@@@@@@@@@@@@@@@@@@@@@@@@@@@@@@@@@@@@@@@@............@@@@@@@@@@@@..........@@@@@@@@@@@.............WWWWWWWWWWWWWWWWWWWWWWWWWWWWWWWWWWWWWWWWWWWWWWW..........WWWWWWWWWWWWWWWWWWWWWWWWWWWWWWWWWWWWWWWWWW...................
.........@@@@@@@@@@@@@@@@@@@@@@@@@@@@@@@@@@@@@@@@@@@@@@@@@@@@@@@@@@@@@@@@@@@@@@............@@@@@@@@@@@@..........@@@@@@@@@@@.............WWWWWWWWWWWWWWWWWWWWWWWWWWWWWWWWWWWWWWWWWWWWWWW...........WWWWWWWWWWWWWWWWWWWWWWWWWWWWWWWWWWWWWWWWW...................
.........@@@@@@@@@@@@@@@@@@@@@@@@@@@@@@@@@@@@@@@@@@@@@@@@@@@@@@@@@@@@@@@@@@@@@@............@@@@@@@@@@@@..........@@@@@@@@@@@............WWWWWWWWWWWWWWWWWWWWWWWWWWWWWWWWWWWWWWWWWWWWWWWW...........WWWWWWWWWWWWWWWWWWWWWWWWWWWWWWWWWWWWWWWWWW..................
..........@@@@@@@@@@@@@@@@@@@@@@@@@@@@@@@@@@@@@@@@@@@@@@@@@@@@@@@@@@@@@@@@@@@@.............@@@@@@@@@@@@..........@@@@@@@@@@@............WWWWWWWWWWWWWWWWWWWWWWWWWWWWWWWWWWWWWWWWWWWWWWW............WWWWWWWWWWWWWWWWWWWWWWWWWWWWWWWWWWWWWWWWWW..................
..........@@@@@@@@@@@@@@@@@@@@@@@@@@@@@@@@@@@@@@@@@@@@@@@@@@@@@@@@@@@@@@@@@@@@............@@@@@@@@@@@@@..........@@@@@@@@@@@............WWWWWWWWWWWWWWWWWWWWWWWWWWWWWWWWWWWWWWWWWWWWWW............WWWWWWWWWWWWWWWWWWWWWWWWWWWWWWWWWWWWWWWWWWW..................
..........@@@@@@@@@@@@@@@@@@@@@@@@@@@@@@@@@@@@@@@@@@@@@@@@@@@@@@@@@@@@@@@@@@@.............@@@@@@@@@@@@...........@@@@@@@@@@@............WWWWWWWWWWWWW..WWWWWWWWWWWWWWWWWWWWWWWWWWWWW.............WWWWWWWWWWWWWWWWWWWWWWWWWWWWWWWWWWWWWWWWWWWW..................
..........@@@@@@@@@@@@@@@@@@@@@@@@@@@@@@@@@@@@@@@@@@@@@@@@@@@@@@@@@@@@@@@@@@..............@@@@@@@@@@@@..........@@@@@@@@@@@@............WWWWWWWWWWWW........WWWWWWWWWWWWWWWWWWWWWW..............WWWWWWWWWWWWWWWWWWWWWWWWWWWWWWWWWWWWWWWWWWWWW..................
...........@@@@@@@@@@@@@@@@@@@@@@@@@@@@@@@@@@@@@@@@@@@@@@@@@@@@@@@@@@@......WWWWWWW.......@@@@@@@@@@@@..........@@@@@@@@@@@@............WWWWWWWWWWWW........WWWWWWWWWWWWWWWWWWWW................WWWWWWWWWWWWWWWWWWWWWWWWWWWWWWWWWWWWWWWWWWWWW..................
............@@@@@@@@@@@@@@@@@@@@@@@@@@@@@@@@@@@@@@@@@@@@@@@@@..............WWWWWWWWW......@@@@@@@@@@@@..........@@@@@@@@@@@@............WWWWWWWWWWW.........WWWWWWWWWWWWWWWWWW.................WWWWWWWWWWWWWWWWWWWWWWWWWWWWWWWWWWWWWWWWWWWWWW..................
............@@@@@@@@@@@@@@@@@@@@@@@@@@@@@@@@@@@@@@@@@@@...................WWWWWWWWWWW.....@@@@@@@@@@@...........@@@@@@@@@TTTTTTT.........WWWWWWWWW..........WWWWWWWWWWWWWWWWW..................WWWWWWWWWWWWWWWWWWWWWWWWWWWWWWWWWWWWWWWWWWWWWW..................
............@@@@@@@@@@@@@@@@..............................................WWWWWWWWWWW.....@@@@@@@@@@@..........@@@@@@@@@TTTTTTTTT.........WWWWWWW............WWWWWWWWWWWWWWW..................WWWWWWWWWWWWWWWWWWWWWWWWWWWWWWWWWWWWWWWWWWWWWWW..................
.............@@@@@@@@@@@@@@@..............................................WWWWWWWWWWW.....@@@@@@@@@@@..........@@@@@@@@TTTTTTTTTTT............................WWWWWWWWWWWWW...................WWWWWWWWWWWWWWWWWWWWWWWWWWWWWWWWWWWWWWWWWWWWWWW..................
.............@@@@@@@@@@@@@@...............................................WWWWWWWWWWW.....@@@@@@@@@@@..........@@@@@@@@TTTTTTTTTTT.............................WWWWWWWWWW.....................WWWWWWWWWWWWWW.WWWWWWWWWWWWWWWWWWWWWWWWWWWWWWWW..................
..............@@@@@@@@@@@@................................................WWWWWWWWWWW....@@@@@@@@@@@@..........@@@@@@@@TTTTTTTTTTT..............................WWWWWWW.......................WWWWWWWWWWWWW..WWWWWWWWWWWWWWWWWWWWWWWWWWWWWWWW..................
...............@@@@@@@@@..................................................WWWWWWWWWWW....@@@@@@@@@@@@..........@@@@@@@@TTTTTTTTTTT............................................................WWWWWWWWWWWW...WWWWWWWWWWWWWWWWWWWWWWWWWWWWWWWW..................
..........................................................................WWWWWWWWWWW....@@@@@@@@@@@@..........@@@@@@@@TTTTTTTTTTT............................................................WWWWWWWWWWW....WWWWWWWWWWWWWWWWWWWWWWWWWWWWWWW...................
...........................................................................WWWWWWWWW.....@@@@@@@@@@@@..........@@@@@@@@TTTTTTTTTTT............................................................WWWWWWWWWWW...WWWWWWWWWWWWWWWWWWWWWWWWWWWWWWWW...................
............................................................................WWWWWWW.....@@@@@@@@@@@@@..........@@@@@@@@TTTTTTTTTTT.............................................................WWWWWWWWW....WWWWWWWWWWWWWWWWWWWWWWWWWWWWWWW....................
.......................................................................................@@@@@@@@@@@@@...........@@@@@@@@@TTTTTTTTT...............................................................WWWWWWW.....WWWWWWWWWWWWWWWWWWWWWWWWWWWWWWW....................
.@@@@@@@@@.........................................................................@@@@@@@@@@@@@@@@@...........@@@@@@@@@@TTTTTTT............................................................................WWWWWWWWWWWWWWWWWWWWWWWWWWWWWW.....................
@@@@@@@@@@@..................................................................@@@@@@@@@@@@@@@@@@@@@@@...........@@@@@@@@@@@..................................................................................WWWWWWWWWWWWWWWWWWWWWWWWWWWWWW.....................
@@@@@@@@@@@@............................................................@@@@@@@@@@@@@@@@@@@@@@@@@@@@...........@@@@@@@@@@@..................................................................................WWWWWWWWWWWWWWWWWWWWWWWWWWWWW......................
@@@@@@@@@@@@....................................................@@@@@@@@@@@@@@@@@@@@@@@@@@@@@@@@@@@............@@@@@@@@@@@..................................................................................WWWWWWWWWWWWWWWWWWW..WWWWWWW.......................
@@@@@@@@@@@@@................@@@@@@@@@@@@@@@@@@@@@@@@@@@@@@@@@@@@@@@@@@@@@@@@@@@@@@@@@@@@@@@@@@@@@@............@@@@@@@@@@@.................................................................................WWWWWWWWWWWWWWWWWWW.................................
@@@@@@@@@@@@@.......@@@@@@@@@@@@@@@@@@@@@@@@@@@@@@@@@@@@@@@@@@@@@@@@@@@@@@@@@@@@@@@@@@@@@@@@@@@@@@.............@@@@@@@@@@@.................................................................................WWWWWWWWWWWWWWWWWW..................................
@@@@@@@@@@@@@@@@@@@@@@@@@@@@@@@@@@@@@@@@@@@@@@@@@@@@@@@@@@@@@@@@@@@@@@@@@@@@@@@@@@@@@@@@@@@@@@@@@@............@@@@@@@@@@@@.................................................................................WWWWWWWWWWWWWWWWW...................................
@@@@@@@@@@@@@@@@@@@@@@@@@@@@@@@@@@@@@@@@@@@@@@@@@@@@@@@@@@@@@@@@@@@@@@@@@@@@@@@@@@@@@@@@@@@@@@@@@.............@@@@@@@@@@@@.................................................................................WWWWWWWWWWWWWWWW....................................
@@@@@@@@@@@@@@@@@@@@@@@@@@@@@@@@@@@@@@@@@@@@@@@@@@@@@@@@@@@@@@@@@@@@@@@@@@@@@@@@@@@@@@@@@@@@@@@@.............@@@@@@@@@@@@@.................................................................................WWWWWWWWWWWWWWW.....................................
@@@@@@@@@@@@@@@@@@@@@@@@@@@@@@@@@@@@@@@@@@@@@@@@@@@@@@@@@@@@@@@@@@@@@@@@@@@@@@@@@@@@@@@@@@@@@@..............@@@@@@@@@@@@@@.................................................................................WWWWWWWWWWWWW.......................................
@@@@@@@@@@@@@@@@@@@@@@@@@@@@@@@@@@@@@@@@@@@@@@@@@@@@@@@@@@@@@@@@@@@@@@@@@@@@@@@@@@@@@@@@@@@@................@@@@@@@@@@@@@@.................................................................................WWWWWWWWWWWW..................TTTTTTT...............
@@@@@@@@@@@@@@@@@@@@@@@@@@@@@@@@@@@@@@@@@@@@@@@@@@@@@@@@@@@@@@@@@@@@@@@@@@@@@@@@@@@@@@@@....WWWWWWW.........@@@@@@@@@@@@@...................................................................................WWWWWWWWWW..................TTTTTTTTT..............
...@@@@@@@@@@@@@@@@@@@@@@@@@@@@@@@@@@@@@@@@@@@@@@@@@@@@@@@@@@@@@@@@@@@@@@@@@@@@@@..........WWWWWWWWW.......@@@@@@@@@@@@@@....................................................................................WWWWWWWW..................TTTTTTTTTTT.............
....@@@@@@@@@@@@@@@@@@@@@@@@@@@@@@@@@@@@@@@@@@@@@@@@@@@@@@@@@@@@@@@@@@@@@@@@@.............WWWWWWWWWWW......@@@@@@@@@@@@@...............................................................................................................TTTTTTTTTTT.............
.....@@@@@@@@@@@@@@@@@@@@@@@@@@@@@@@@@@@@@@@@@@@@@@@@@@@@@@@@@@@@@@@......................WWWWWWWWWWW......@@@@@@@@@@@@@...............................................................................................................TTTTTTTTTTT.............
......@@@@@@@@@@@@@@@@@@@@@@@@@@@.........................................................WWWWWWWWWWW......@@@@@@@@@@@@................................................................................................................TTTTTTTTTTT.............
.......@@@@@@@@@@@@@@@@@@@@...............................................................WWWWWWWWWWW......@@@@@@@@@@@............................................TTTTTTT..............................................................TTTTTTTTTTTTTT..........
.........@@@@@@@@@@@@@@@@@@...............................................................WWWWWWWWWWW......@@@@@@@@@@@...........................................TTTTTTTTT.............................................................TTTTTTTTTTTTTTT.........
..............@@@@@@@@@@@@@@..............................................................WWWWWWWWWWW......@@@@@@@@@@@..........................................TTTTTTTTTTT............................................................TTTTTTTTTTTTTTTT........
..............@@@@@@@@@@@@@@..............................................................WWWWWWWWWWW......@@@@@@@@@@@..........................................TTTTTTTTTTT.............................................................TTTTTTTTTTTTTTT........
...............@@@@@@@@@@@@@...............................................................WWWWWWWWW.......@@@@@@@@@@@.............@@@@@@@......................TTTTTTTTTTT..............................................................TTTTTTTTTTTTTT........
................@@@@@@@@@@@@................................................................WWWWWWW........@@@@@@@@@@@............@@@@@@@@@.................@@@@TTTTTTTTTTT.................................................................TTTTTTTTTTT........
................@@@@@@@@@@@@...............................................................................@@@@@@@@@@@...........@@@@@@@@@@@............@@@@@@@@TTTTTTTTTTT.................................................................TTTTTTTTTTTT.......
.................@@@@@@@@@@@@..............................................................................@@@@@@@@@@@...........@@@@@@@@@@@...........@@@@@@@@@TTTTTTTTTTT@@@@@............................................................TTTTTTTTTTTT.......
.................@@@@@@@@@@@@................@@@@@@@@@@@@@@@@@@@@@@@@@@@@@@@...............................@@@@@@@@@@@...........@@@@@@@@@@@..........@@@@@@@@@@TTTTTTTTTTT@@@@@@@@@@@@@@@@WWWWWWW@@@@@@@@@@@@..............................TTTTTTTTTTTT.......
.................@@@@@@@@@@@@...............@@@@@@@@@@@@@@@@@@@@@@@@@@@@@@@@@@@@@@@@@@@@@@@@@@@@@@@@@@@@@@@@@@@@@@@@@@...........@@@@@@@@@@@..........@@@@@@@@@@@TTTTTTTTT@@@@@@@@@@@@@@@@WWWWWWWWW@@@@@@@@@@@@@@@@@@@@......................TTTTTTTTTTT.......
.................@@@@@@@@@@@@..............@@@@@@@@@@@@@@@@@@@@@@@@@@@@@@@@@@@@@@@@@@@@@@@@@@@@@@@@@@@@@@@@@@@@@@@@@@@...........@@@@@@@@@@@..........@@@@@@@@@@@@TTTTTTT@@@@@@@@@@@@@@@@WWWWWWWWWWW@@@@@@@@@@@@@@@@@@@@@....................TTTTTTTTTTT.......
..................@@@@@@@@@@@@.............@@@@@@@@@@@@@@@@@@@@@@@@@@@@@@@@@@@@@@@@@@@@@@@@@@@@@@@@@@@@@@@@@@@@@@@@@@@...........@@@@@@@@@@@..........@@@@@@@@@@@@@@@@@@@@@@@@@@@@@@@@@@@WWWWWWWWWWW@@@@@@@@@@@@@@@@@@@@@@@..................TTTTTTTTTTT.......
..................@@@@@@@@@@@@.............@@@@@@@@@@@@@@@@@@@@@@@@@@@@@@@@@@@@@@@@@@@@@@@@@@@@@@@@@@@@@@@@@@@@@@@@@@@...........@@@@@@@@@@@..........@@@@@@@@@@@@@@@@@@@@@@@@@@@@@@@@@@@WWWWWWWWWWW@@@@@@@@@@@@@@@@@@@@@@@@.................TTTTTTTTTTT.......
..................@@@@@@@@@@@@.............@@@@@@@@@@@@@@@@@@@@@@@@@@@@@@@@@@@@@@@@@@@@@@@@@@@@@@@@@@@@@@@@@@@@@@@@@@@..........@@@@@@@@@@@@..........@@@@@@@@@@@@@@@@@@@@@@@@@@@@@@@@@@@WWWWWWWWWWW@@@@@@@@@@@@@@@@@@@@@@@@@.................TTTTTTTTT........
..................@@@@@@@@@@@@.............@@@@@@@@@@@@@@@@@@@@@@@@@@@@@@@@@@@@@@@@@@@@@@@@@@@@@@@@@@@@@@@@@@@@@@@@@@@.........@@@@@@@@@@@@@.........@@@@@@@@@@@@@@@@@@@@@@@@@@@@@@@@@@@@WWWWWWWWWWW@@@@@@@@@@@@@@@@@@@@@@@@@..................TTTTTTT.........
..................@@@@@@@@@@@@.............@@@@@@@@@@@@@@@@@@@@@@@@@@@@@@@@@@@@@@@@@@@@@@@@@@@@@@@@@@@@@@@@@@@@@@@@@@@.........@@@@@@@@@@@@@.........@@@@@@@@@@@@@@@@@@@@@@@@@@@@@@@@@@@@WWWWWWWWWWW@@@@@@@@@@@@@@@@@@@@@@@@@...........@@@@@@@@@@@............
...................@@@@@@@@@@@.............@@@@@@@@@@@@@@@@@@@@@@@@@@@@@@@@@@@@@@@@@@@@@@@@@@@@@@@@@@@@@@@@@@@@@@@@@@@........@@@@@@@@@@@@@@........@@@@@@@@@@@@@@@@@@@@@@@@@@@@@@@@@@@@@WWWWWWWWWWW@@@@@@@@@@@@@@@@@@@@@@@@@..........@@@@@@@@@@@@@@@@........
...................@@@@@@@@@@@..............@@@@@@@@@@@@@@@@@@@@@@@@@@@@@@@@@@@@@@@@@@@@@@@@@@@@@@@@@@@@@@@@@@@@@@@@@@........@@@@@@@@@@@@@@........@@@@@@@@@@@@@@@@@@@@@@@@@@@@@@@@@@@@@@WWWWWWWWW@@@@@@@@@@@@@@@@@@@@@@@@@@.........@@@@@@@@@@@@@@@@@@@......
...................@@@@@@@@@@@...............@@@@@@@@@@@@@@@@@@@@@@@@@@@@@@@@@@@@@@@@@@@@@@@@@@@@@@@@@@@@@@@@@@@@@@@@.........@@@@@@@@@@@@@@........@@@@@@@@@@@@@..........@@@@@@@@@@@@@@@@WWWWWWW@@@@@@@@@@@@@@@@@@@@@@@@@@@........@@@@@@@@@@@@@@@@@@@@@@@@..
...................@@@@@@@@@@@@........................................@@@@@@@@@@@@@@@@@@@@@@@@@@@@@@@@@@@@@@@@@@@@@..........@@@@@@@@@@@@@.........@@@@@@@@@@@@..........................................@@@@@@@@@@@@@@@@@@@........@@@@@@@@@@@@@@@@@@@@@@@@@@
...................@@@@@@@@@@@@..............................................................................................@@@@@@@@@@@@@..........@@@@@@@@@@@@............................................@@@@@@@@@@@@@@@@.........@@@@@@@@@@@@@@@@@@@@@@@@@@
...................@@@@@@@@@@@@..............................................................................................@@@@@@@@@@@@....@@@@@@@@@@@@@@@@@@.............................................@@@@@@@@@@@@@@@.........@@@@@@@@@@@@@@@@@@@@@@@@@@@
...................@@@@@@@@@@@@.............................................................................................@@@@@@@@@@@@@...@@@@@@@@@@@@@@@@@@@.............................................@@@@@@@@@@@............@@@@@@@@@@@@@@@@@@@@@@@@@@@@
...................@@@@@@@@@@@@.............................................................................................@@@@@@@@@@@@@..@@@@@@@@@@@@@@@@@@@@.............................................@@@@@@@@@@@............@@@@@@@@@@@@@@@@@@@@@@@@@@@@
....................@@@@@@@@@@@.............................................................................................@@@@@@@@@@@@@..@@@@@@@@@@@@@@@@@@@@.............................................@@@@@@@@@@@............@@@@@@@@@@@@@@@@@@@@@@@@@@@@
....................@@@@@@@@@@@.............................................................................................@@@@@@@@@@@@...@@@@@@@@@@@@@@@@@@@@.............................................@@@@@@@@@@@............@@@@@@@@@@@@@@@@@@@@@@@@@@@@
....................@@@@@@@@@@@.............................................................................................@@@@@@@@@@@@...@@@@@@@@@@@@@@@@@@@@............@@@@@@@@@@@@@@@@@@@@@@@@@@@......@@@@@@@@@@@...........@@@@@@@@@@@@@@@@@@@@@@@@@@@@@
....................@@@@@@@@@@@.............................................................................................@@@@@@@@@@@....@@@@@@@@@@@@@@@@@@@............@@@@@@@@@@@@@@@@@@@@@@@@@@@@@@@@@@@@@@@@@@@@@...........@@@@@@@@@@@@@...@@@@@@@@@@@@@
....................@@@@@@@@@@@............................................................................................@@@@@@@@@@@@....@@@@@@@@@@@@@@@@@@@...........@@@@@@@@@@@@@@@@@@@@@@@@@@@@@@@@@@@@@@@@@@@@@@...........@@@@@@@@@@@@......@@@@@@@@@@@
....................@@@@@@@@@@@............................................................................................@@@@@@@@@@@@....@@@@@@@@@@@@@@@@@@............@@@@@@@@@@@@@@@@@@@@@@@@@@@@@@@@@@@@@@@@@@@@@@...........@@@@@@@@@@@@...........@@@@@@
....................@@@@@@@@@@@...........................@@@@@@@@@@@@@@@@@@@@@@@@........................................@@@@@@@@@@@@@.....@@@@@@@@@@@@@@@@@............@@@@@@@@@@@@@@@@@@@@@@@@@@@@@@@@@@@@@@@@@@@@@@...........@@@@@@@@@@@@...............@@
....................@@@@@@@@@@@......................@@@@@@@@@@@@@@@@@@@@@@@@@@@@@@@@@@@@.................................@@@@@@@@@@@@@@@....@@@@@@@@@@@@@@@@............@@@@@@@@@@@@@@@@@@@@@@@@@@@@@@@@@@@@@@@@@@@@@@...........@@@@@@@@@@@..................
....................@@@@@@@@@@@@@@@@@@@@@@@@@@@@@@@@@@@@@@@@@@@@@@@@@@@@@@@@@@@@@@@@@@@@@@@@@@@@@@@@@@@@.................@@@@@@@@@@@@@@@@@......@@@@@@@@@@@@............@@@@@@@@@@@@@@@@@@@@@@@@@@@@@@@@@@@@@@@@@@@@@@@..........@@@@@@@@@@@@..................
....................@@@@@@@@@@@@@@@@@@@@@@@@@@@@@@@@@@@@@@@@@@@@@@@@@@@@@@@@@@@@@@@@@@@@@@@@@@@@@@@@@@@@@@...............@@@@@@@@@@@@@@@@@@....@@@@@@@@@@@@.............@@@@@@@@@@@@@@@@@@@@@@@@@@@@@@@@@@@@@@@@@@@@@@...........@@@@@@@@@@@@..................
....................@@@@@@@@@@@@@@@@@@@@@@@@@@@@@@@@@@@@@@@@@@@@@@@@@@@@@@@@@@@@@@@@@@@@@@@@@@@@@@@@@@@@@@@..............@@@@@@@@@@@@@@@@@@....@@@@@@@@@@@@............@@@@@@@@@@@@@@@@@@@@@@@@@@@@@@@@@@@@@@@@@@@@@@@...........@@@@@@@@@@@@..................
....................@@@@@@@@@@@@@@@@@@@@@@@@@@@@@@@@@@@@@@@@@@@@@@@@@@@@@@@@@@@@@@@@@@@@@@@@@@@@@@@@@@@@@@@@.............@@@@@@@@@@@@@@@@@@....@@@@@@@@@@@@............@@@@@@@@@@@@@@@@@@@@@@@@@@@@@@@@@@@@@@@@@@@@@@@..........@@@@@@@@@@@@@..................
....................@@@@@@@@@@@@@@@@@@@@@@@@@@@@@@@@@@@@@@@@@@@@@@@@@@@@@@@@@@@@@@@@@@@@@@@@@@@@@@@@@@@@@@@@............@@@@@@@@@@@@@@@@@@@....@@@@@@@@@@@@...........@@@@@@@@@@@@@@@@@@@@@@@@@@@@@@@@@@@@@@@@@@@@@@@@..........@@@@@@@@@@@@@..................
....................@@@@@@@@@@@@@@@@@@@@@@@@@@@@@@@@@@@@@@@@@@@@@@@@@@@@@@@@@@@@@@@@@@@@@@@@@@@@@@@@@@@@@@@@............@@@@@@@@@@@@@@@@@@@...@@@@@@@@@@@@...........@@@@@@@@@@@@@@..............@@@@@@@@@@@@@@@@@@@@...........@@@@@@@@@@@@...................
....................@@@@@@@@@@@@@@@@@@@@@@@@@@@@@@@@@@@@@@@@@@@@@@@@@@@@@@@@@@@@@@@@@@@@@@@@@@@@@@@@@@@@@@@@...........@@@@@@@@@@@@@@@@@@@@...@@@@@@@@@@@@...........@@@@@@@@@@@@@@....................@@@@@@@@@@@@@............@@@@@@@@@@@@...................
....................@@@@@@@@@@@@@@@@@@@@@@@@@@@@@@@@@@@@@@@@@@@@@@@@@@@@@@@@@@@@@@@@@@@@@@@@@@@@@@@@@@@@@@@@..........@@@@@@@@@@@@@@@@@@@@@...@@@@@@@@@@@@..........@@@@@@@@@@@@@@.........................@@@@@@@..............@@@@@@@@@@@....................
....................@@@@@@@@@@@@@@@@@@@@@@@@@@@@@@@@@@@@@@@@@@@@@@@@@@@@@@@@@@@@@@@@@@@@@@@@@@@@@@@@@@@@@@@@.........@@@@@@@@@@@@@@@@@@@@@...@@@@@@@@@@@@@..........@@@@@@@@@@@@@@..............................................@@@@@@@@@@@....................
....................@@@@@@@@@@@@@@@@@@@@@@@@@@@@@@@@@@@@@@@@@@@..............@@@@@@@@@@@@@@@@@@@@@@@@@@@@@@@.........@@@@@@@@@@@@@@@@@@@@...@@@@@@@@@@@@@@..........@@@@@@@@@@@@@...............................................@@@@@@@@@@@....................
....................@@@@@@@@@@@@@@@@@@@@@@@@@@@@@@@@@@@@@@..........................@@@@@@@@@@@@@@@@@@@@@@@@.........@@@@@@@@@@@@@@........@@@@@@@@@@@@@@..........@@@@@@@@@@@@@@...............................................@@@@@@@@@@@....................
....................@@@@@@@@@@@................................................................@@@@@@@@@@@@@.........@@@@@@@@@@@@@.........@@@@@@@@@@@@@@.........@@@@@@@@@@@@@@@@@@@@@@@@@@@@@@@@@@............................@@@@@@@@@@@@@@@@...............
....................@@@@@@@@@@@................................................................@@@@@@@@@@@@@.........@@@@@@@@@@@@@.........@@@@@@@@@@@@@@.........@@@@@@@@@@@@@@@@@@@@@@@@@@@@@@@@@@@@@@........................@@@@@@@@@@@@@@@@@@@@@..........
....................@@@@@@@@@@@...............................................................@@@@@@@@@@@@@@.........@@@@@@@@@@@@..........@@@@@@@@@@@@@@........@@@@@@@@@@@@@@@@@@@@@@@@@@@@@@@@@@@@@@@@@@@@@@@@...............@@@@@@@@@@@@@@@@@@@@@@.........
....................@@@@@@@@@@@...............................................................@@@@@@@@@@@@@@........@@@@@@@@@@@@@.........@@@@@@@@@@@@@@.........@@@@@@@@@@@@@@@@@@@@@@@@@@@@@@@@@@@@@@@@@@@@@@@@@@@@@@@@@......@@@@@@@@@@@@@@@@@@@@@@@........
....................@@@@@@@@@@@...............................................................@@@@@@@@@@@@@@........@@@@@@@@@@@@..........@@@@@@@@@@@@@..........@@@@@@@@@@@@@@@@@@@@@@@@@@@@@@@@@@@@@@@@@@@@@@@@@@@@@@@@@@@@@..@@@@@@@@@@@@@@@@@@@@@@@........
....................@@@@@@@@@@@...............................................................@@@@@@@@@@@@@@.......@@@@@@@@@@@@@.........@@@@@@@@@@@@@...........@@@@@@@@@@@@@@@@@@@@@@@@@@@@@@@@@@@@@@@@@@@@@@@@@@@@@@@@@@@@@@@@@@@@@@@@@@@@@@@@@@@@@@........
....................@@@@@@@@@@@......................@@@@@@@@@@@@@@@@........................@@@@@@@@@@@@@@........@@@@@@@@@@@@@.........@@@@@@@@@@@@@...........@@@@@@@@@@@@@@@@@@@@@@@@@@@@@@@@@@@@@@@@@@@@@@@@@@@@@@@@@@@@@@@@@@@@@@@@@@@@@@@@@@@@@@........
....................@@@@@@@@@@@.....................@@@@@@@@@@@@@@@@@@@@@@@.................@@@@@@@@@@@@@@.........@@@@@@@@@@@@@........@@@@@@@@@@@@@@...........@@@@@@@@@@@@@@@@@@@@@@@@@@@@@@@@@@@@@@@@@@@@@@@@@@@@@@@@@@@@@@@@@@@@@@@@@@@@@@@@@@@@@@........
....................@@@@@@@@@@@....................@@@@@@@@@@@@@@@@@@@@@@@@@@@@@@@@@@@@@@@@@@@@@@@@@@@@@@..........@@@@@@@@@@@@.........@@@@@@@@@@@@@............@@@@@@@@@@@@@@@@@@@@@@@@@@@@@@@@@@@@@@@@@@@@@@@@@@@@@@@@@@@@@@@@@@@@@@@@@@@@@@@@@@@@@@........
....................@@@@@@@@@@@....................@@@@@@@@@@@@@@@@@@@@@@@@@@@@@@@@@@@@@@@@@@@@@@@@@@@@@@.........@@@@@@@@@@@@@.........@@@@@@@@@@@@@.............@@@@@@@@@@@@@@@@@@@@@@@@@@@@@@@@@@@@@@@@@@@@@@@@@@@@@@@@@@@@@@@@@@@@@@@@@@@@@@@@@@@@@........
....................@@@@@@@@@@@....................@@@@@@@@@@@@@@@@@@@@@@@@@@@@@@@@@@@@@@@@@@@@@@@@@@@@@@.........@@@@@@@@@@@@..........@@@@@@@@@@@@...............@@@@@@@@@@@@@@@@@@@@@@@@@@@@@@@@@@@@@@@@@@@@@@@@@@@@@@@@@@@@@@@@@@@@@@@@@@@@@@@@@@@.........
....................@@@@@@@@@@@....................@@@@@@@@@@@@@@@@@@@@@@@@@@@@@@@@@@@@@@@@@@@@@@@@@@@@@..........@@@@@@@@@@@@..........@@@@@@@@@@@@...........................................@@@@@@@@@@@@@@@@@@@@@@@@@@@@@@@@@@@@@@@@@@@@@@@@@@@@@@..........
.....................@@@@@@@@@.....................@@@@@@@@@@@@@@@@@@@@@@@@@@@@@@@@@@@@@@@@@@@@@@@@@@@@@..........@@@@@@@@@@@@..........@@@@@@@@@@@................................................@@@@@@@@@@@@@@@@@@@@@@@@@@@@@@@@@@@@@@@@....................
......................@@@@@@@......................@@@@@@@@@@@@@@@@@@@@@@@@@@@@@@@@@@@@@@@@@@@@@@@@@@@@...........@@@@@@@@@@@@..........@@@@@@@@@@@.........................................................@@@@@@@@@@@@@@@@@@@@@@@@@@@@@@@....................
...................................................@@@@@@@@@@@@@@@@@@@@@@@@@@@@@@@@@@@@@@@@@@@@@@@@@@@...........@@@@@@@@@@@@............@@@@@@@@@...................................................................@@@@@@@@@@@@@@@@@@@@@.....................
....................................................@@@@@@@@@@@@@@@@@@@@@@@@@@@@@@@@@@@@@@@@@@@@@@@@@@..........@@@@@@@@@@@@@.............@@@@@@@........................................................................@@@@@@@@@@@@@@@@@.....................
.....................................................@@@@@@@@@@@@@@@@@@@@@@@@@@@@@@@@@@@@@@@@@@@@@@@@..........@@@@@@@@@@@@@...............................................................................................@@@@@@@@@@@@@@......................
................................................................@@@@@@@@@@@@@@@@@@@@@@@@@@@@@@@@@@@@@..........@@@@@@@@@@@@....................................................................................................@@@@@@@@@.......................
......................................................................@@@@@@@@@@@@@@@@@@@@@@@@@@@@@@...........@@@@@@@@@@@.....................................................................................................................................
............................................................................................@@@@@@@............@@@@@@@@@@@.....................................................................................................................................
...............................................................................................................@@@@@@@@@@@.....................................................................................................................................
...............................................................................................................@@@@@@@@@@@.....................................................................................................................................
...............................................................................................................@@@@@@@@@@@.....................................................................................................................................
................................................................................................................@@@@@@@@@......................................................................................................................................
.................................................................................................................@@@@@@@.......................................................................................................................................
...............................................................................................................................................................................................................................................................
...............................................................................................................................................................................................................................................................
...............................................................................................................................................................................................................................................................
...............................................................................................................................................................................................................................................................
